// Jest Snapshot v1, https://goo.gl/fbAQLP

exports[`<FormSignIn /> should render the form 1`] = `
.c5 {
  display: -webkit-inline-box;
  display: -webkit-inline-flex;
  display: -ms-inline-flexbox;
  display: inline-flex;
  -webkit-align-items: center;
  -webkit-box-align: center;
  -ms-flex-align: center;
  align-items: center;
  -webkit-box-pack: center;
  -webkit-justify-content: center;
  -ms-flex-pack: center;
  justify-content: center;
  color: #fff;
  background: #3483FA;
  padding: 0.8rem;
  -webkit-text-decoration: none;
  text-decoration: none;
  border: none;
  border-radius: 0.4rem;
  cursor: pointer;
  font-size: 1.4rem;
  height: 5rem;
  font-size: 1.6rem;
  padding: 0.8rem 4.8rem;
  width: 100%;
}

.c5:hover {
  background: #3270CC;
}

.c5:focus {
  background: #4988E8;
}

.c2 {
  display: -webkit-box;
  display: -webkit-flex;
  display: -ms-flexbox;
  display: flex;
  -webkit-align-items: center;
  -webkit-box-align: center;
  -ms-flex-align: center;
  align-items: center;
  border-radius: 0.4rem;
  padding: 0 1.6rem;
  border: 0.2rem solid #C5DCFF;
}

.c2:focus-within {
  box-shadow: 0 0 0.5rem #C5DCFF;
}

.c3 {
  font-size: 1.6rem;
  padding: 0.8rem 0;
  background: transparent;
  border: 0;
  outline: none;
  width: 100%;
}

.c3:-webkit-autofill {
  -webkit-filter: none;
  filter: none;
}

.c3:-webkit-autofill::first-line {
  font-size: 1.6rem;
}

.c3:focus::-webkit-input-placeholder {
  color: transparent;
}

.c3:focus::-moz-placeholder {
  color: transparent;
}

.c3:focus:-ms-input-placeholder {
  color: transparent;
}

.c3:focus::placeholder {
  color: transparent;
}

.c0 .c1 {
  margin: 0.8rem 0;
}

.c0 .c4 {
  margin: 3.2rem auto 1.6rem;
}

<div
  class="c0"
>
  <form>
    <div
      class="c1 "
    >
      <div
        class="c2"
      >
        <input
          class="c3"
          name="email"
          placeholder="E-Mail"
          type="email"
          value=""
        />
      </div>
    </div>
    <div
      class="c1 "
    >
      <div
        class="c2"
      >
        <input
          class="c3"
          name="password"
          placeholder="Password"
          type="password"
          value=""
        />
      </div>
    </div>
    <button
      class="c4 c5"
      type="submit"
    >
      <span>
        Sign in
      </span>
    </button>
  </form>
</div>
`
